%FILENAME%
pacman-example-1.0-1-x86_64.pkg.tar.zst

%NAME%
pacman-example

%VERSION%
1.0-1

%DESC%
Example package for tests

%GROUPS%

%CSIZE%
1024

%ISIZE%
2048

%MD5SUM%
deadbeefdeadbeefdeadbeefdeadbeef

%SHA256SUM%
deadbeefdeadbeefdeadbeefdeadbeefdeadbeefdeadbeefdeadbeefdeadbeef

%URL%
https://example.com

%LICENSE%
MIT

%ARCH%
x86_64

%BUILDDATE%
1724323200

%PACKAGER%
Test Packager <test@example.com>

%DEPENDS%
glibc
zstd
