Package: apt-example
Version: 1.0-1
Architecture: amd64
Maintainer: Test Maintainer <test@example.com>
Installed-Size: 100
Filename: pool/main/a/apt-example/apt-example_1.0-1_amd64.deb
Size: 100
MD5sum: deadbeefdeadbeefdeadbeefdeadbeef
SHA1: deadbeefdeadbeefdeadbeefdeadbeefdeadbeef
SHA256: deadbeefdeadbeefdeadbeefdeadbeefdeadbeefdeadbeefdeadbeefdeadbeef
Section: utils
Priority: optional
Description: Example package for tests
 This is line 1 of the long description.
 This is line 2 of the long description.
 This is line 3 of the long description.
 This is line 4 of the long description.
 This is line 5 of the long description.
 This is line 6 of the long description.
 This is line 7 of the long description.
 This is line 8 of the long description.
 This is line 9 of the long description.
 This is line 10 of the long description.
 This is line 11 of the long description.
 This is line 12 of the long description.
 This is line 13 of the long description.
 This is line 14 of the long description.
 This is line 15 of the long description.
 This is line 16 of the long description.
 This is line 17 of the long description.
 This is line 18 of the long description.
 This is line 19 of the long description.

Package: second-pkg
Version: 2.0
Architecture: all
Filename: pool/main/s/second/second_2.0_all.deb
Description: short second
 continuation here
